// Vitest Snapshot v1, https://vitest.dev/guide/snapshot.html

exports[`Button > mounts without error 1`] = `"<button data-testid="btn-*">*</button>"`;
