// Vitest Snapshot v1, https://vitest.dev/guide/snapshot.html

exports[`Calculator > mounts without error 1`] = `
"<div class="App">
  <div class="display" data-testid="display">0</div>
  <div class="row"><button data-testid="btn-1">1</button><button data-testid="btn-2">2</button><button data-testid="btn-3">3</button><button data-testid="btn-*">*</button></div>
  <div class="row"><button data-testid="btn-4">4</button><button data-testid="btn-5">5</button><button data-testid="btn-6">6</button><button data-testid="btn-/">/</button></div>
  <div class="row"><button data-testid="btn-7">7</button><button data-testid="btn-8">8</button><button data-testid="btn-9">9</button><button data-testid="btn-+">+</button></div>
  <div class="row"><button data-testid="btn-=">=</button><button data-testid="btn-C">C</button><button data-testid="btn-0">0</button><button data-testid="btn--">-</button></div>
</div>"
`;
